#! /usr/bin/vvp
:ivl_version "13.0 (stable)" "(v13_0-dirty)";
:ivl_delay_selection "TYPICAL";
:vpi_time_precision + 0;
:vpi_module "/usr/lib/ivl/system.vpi";
:vpi_module "/usr/lib/ivl/vhdl_sys.vpi";
:vpi_module "/usr/lib/ivl/vhdl_textio.vpi";
:vpi_module "/usr/lib/ivl/v2005_math.vpi";
:vpi_module "/usr/lib/ivl/va_math.vpi";
:vpi_module "/usr/lib/ivl/v2009.vpi";
S_0x621ed1a67700 .scope package, "$unit" "$unit" 2 1;
 .timescale 0 0;
S_0x621ed1a67890 .scope module, "comp_driver" "comp_driver" 3 1;
 .timescale 0 0;
v0x621ed1a8ec90_0 .var "clk", 0 0;
v0x621ed1a8ed50 .array "mem", 255 0, 15 0;
v0x621ed1a8ee10_0 .net "mem_read_addr", 15 0, L_0x621ed1a8fce0;  1 drivers
v0x621ed1a8ef00_0 .net "mem_read_data", 15 0, L_0x621ed1a632b0;  1 drivers
v0x621ed1a8f010_0 .net "mem_we", 0 0, v0x621ed1a8d200_0;  1 drivers
v0x621ed1a8f150_0 .net "mem_write_addr", 15 0, v0x621ed1a8d2c0_0;  1 drivers
v0x621ed1a8f260_0 .net "mem_write_data", 15 0, v0x621ed1a8d3f0_0;  1 drivers
v0x621ed1a8f370_0 .var "oob_mem_wen", 0 0;
v0x621ed1a8f410_0 .var "oob_write_addr", 15 0;
v0x621ed1a8f540_0 .var "oob_write_data", 15 0;
v0x621ed1a8f5e0_0 .net "op", 3 0, L_0x621ed1a8fd90;  1 drivers
v0x621ed1a8f680_0 .net "out", 15 0, v0x621ed1a8d5b0_0;  1 drivers
v0x621ed1a8f720_0 .net "p1", 7 0, L_0x621ed1a8ffd0;  1 drivers
v0x621ed1a8f7c0_0 .net "pc", 15 0, v0x621ed1a8d770_0;  1 drivers
v0x621ed1a8f860_0 .net "reg_select", 3 0, L_0x621ed1a8ff30;  1 drivers
v0x621ed1a8f900_0 .var "rst", 0 0;
v0x621ed1a8f9d0_0 .net "x1", 7 0, L_0x621ed1a900c0;  1 drivers
S_0x621ed1a6b7f0 .scope begin, "$ivl_for_loop0" "$ivl_for_loop0" 3 48, 3 48 0, S_0x621ed1a67890;
 .timescale 0 0;
v0x621ed1a6b980_0 .var/2s "i", 31 0;
S_0x621ed1a8cbb0 .scope module, "comp1" "comp" 3 32, 4 1 0, S_0x621ed1a67890;
 .timescale 0 0;
    .port_info 0 /INPUT 1 "rst";
    .port_info 1 /INPUT 1 "clk";
    .port_info 2 /OUTPUT 16 "out";
    .port_info 3 /OUTPUT 4 "op";
    .port_info 4 /OUTPUT 4 "reg_select";
    .port_info 5 /OUTPUT 8 "p1";
    .port_info 6 /OUTPUT 8 "x1";
    .port_info 7 /OUTPUT 16 "pc";
    .port_info 8 /OUTPUT 1 "mem_we";
    .port_info 9 /OUTPUT 16 "mem_read_addr";
    .port_info 10 /OUTPUT 16 "mem_write_addr";
    .port_info 11 /INPUT 16 "mem_read_data";
    .port_info 12 /OUTPUT 16 "mem_write_data";
L_0x621ed1a8fce0 .functor BUFZ 16, v0x621ed1a8d770_0, C4<0000000000000000>, C4<0000000000000000>, C4<0000000000000000>;
v0x621ed1a8d930_1 .array/port v0x621ed1a8d930, 1;
L_0x621ed1a900c0 .functor BUFZ 8, v0x621ed1a8d930_1, C4<00000000>, C4<00000000>, C4<00000000>;
v0x621ed1a8cf80_0 .net "clk", 0 0, v0x621ed1a8ec90_0;  1 drivers
v0x621ed1a8d060_0 .net "mem_read_addr", 15 0, L_0x621ed1a8fce0;  alias, 1 drivers
v0x621ed1a8d140_0 .net "mem_read_data", 15 0, L_0x621ed1a632b0;  alias, 1 drivers
v0x621ed1a8d200_0 .var "mem_we", 0 0;
v0x621ed1a8d2c0_0 .var "mem_write_addr", 15 0;
v0x621ed1a8d3f0_0 .var "mem_write_data", 15 0;
v0x621ed1a8d4d0_0 .net "op", 3 0, L_0x621ed1a8fd90;  alias, 1 drivers
v0x621ed1a8d5b0_0 .var "out", 15 0;
v0x621ed1a8d690_0 .net "p1", 7 0, L_0x621ed1a8ffd0;  alias, 1 drivers
v0x621ed1a8d770_0 .var "pc", 15 0;
v0x621ed1a8d850_0 .net "reg_select", 3 0, L_0x621ed1a8ff30;  alias, 1 drivers
v0x621ed1a8d930 .array "regs", 15 0, 7 0;
v0x621ed1a8dbf0_0 .net "rst", 0 0, v0x621ed1a8f900_0;  1 drivers
v0x621ed1a8dcb0_0 .net "x1", 7 0, L_0x621ed1a900c0;  alias, 1 drivers
E_0x621ed1a62da0 .event posedge, v0x621ed1a8dbf0_0, v0x621ed1a8cf80_0;
L_0x621ed1a8fd90 .part L_0x621ed1a632b0, 8, 4;
L_0x621ed1a8ff30 .part L_0x621ed1a632b0, 12, 4;
L_0x621ed1a8ffd0 .part L_0x621ed1a632b0, 0, 8;
S_0x621ed1a8df30 .scope module, "mem1" "mem" 3 20, 5 1 0, S_0x621ed1a67890;
 .timescale 0 0;
    .port_info 0 /INPUT 1 "we";
    .port_info 1 /INPUT 1 "clk";
    .port_info 2 /INPUT 16 "read_addr";
    .port_info 3 /INPUT 16 "write_addr";
    .port_info 4 /OUTPUT 16 "read_data";
    .port_info 5 /INPUT 16 "write_data";
    .port_info 6 /INPUT 16 "oob_write_addr";
    .port_info 7 /INPUT 16 "oob_write_data";
    .port_info 8 /INPUT 1 "oob_wen";
L_0x621ed1a632b0 .functor BUFZ 16, L_0x621ed1a8faa0, C4<0000000000000000>, C4<0000000000000000>, C4<0000000000000000>;
v0x621ed1a8e130_0 .net *"_ivl_0", 15 0, L_0x621ed1a8faa0;  1 drivers
v0x621ed1a8e230_0 .net *"_ivl_2", 17 0, L_0x621ed1a8fba0;  1 drivers
L_0x77a0bd91b018 .functor BUFT 1, C4<00>, C4<0>, C4<0>, C4<0>;
v0x621ed1a8e310_0 .net *"_ivl_5", 1 0, L_0x77a0bd91b018;  1 drivers
v0x621ed1a8e3d0_0 .net "clk", 0 0, v0x621ed1a8ec90_0;  alias, 1 drivers
v0x621ed1a8e470 .array "mem", 65535 0, 15 0;
v0x621ed1a8e560_0 .net "oob_wen", 0 0, v0x621ed1a8f370_0;  1 drivers
v0x621ed1a8e620_0 .net "oob_write_addr", 15 0, v0x621ed1a8f410_0;  1 drivers
v0x621ed1a8e700_0 .net "oob_write_data", 15 0, v0x621ed1a8f540_0;  1 drivers
v0x621ed1a8e7e0_0 .net "read_addr", 15 0, L_0x621ed1a8fce0;  alias, 1 drivers
v0x621ed1a8e930_0 .net "read_data", 15 0, L_0x621ed1a632b0;  alias, 1 drivers
v0x621ed1a8e9d0_0 .net "we", 0 0, v0x621ed1a8d200_0;  alias, 1 drivers
v0x621ed1a8ea70_0 .net "write_addr", 15 0, v0x621ed1a8d2c0_0;  alias, 1 drivers
v0x621ed1a8eb10_0 .net "write_data", 15 0, v0x621ed1a8d3f0_0;  alias, 1 drivers
E_0x621ed1a620b0 .event posedge, v0x621ed1a8cf80_0;
L_0x621ed1a8faa0 .array/port v0x621ed1a8e470, L_0x621ed1a8fba0;
L_0x621ed1a8fba0 .concat [ 16 2 0 0], L_0x621ed1a8fce0, L_0x77a0bd91b018;
    .scope S_0x621ed1a8df30;
T_0 ;
    %wait E_0x621ed1a620b0;
    %load/vec4 v0x621ed1a8e9d0_0;
    %flag_set/vec4 8;
    %jmp/0xz  T_0.0, 8;
    %load/vec4 v0x621ed1a8eb10_0;
    %load/vec4 v0x621ed1a8ea70_0;
    %pad/u 18;
    %ix/vec4 3;
    %ix/load 4, 0, 0; Constant delay
    %assign/vec4/a/d v0x621ed1a8e470, 0, 4;
T_0.0 ;
    %load/vec4 v0x621ed1a8e560_0;
    %flag_set/vec4 8;
    %jmp/0xz  T_0.2, 8;
    %load/vec4 v0x621ed1a8e700_0;
    %load/vec4 v0x621ed1a8e620_0;
    %pad/u 18;
    %ix/vec4 3;
    %ix/load 4, 0, 0; Constant delay
    %assign/vec4/a/d v0x621ed1a8e470, 0, 4;
T_0.2 ;
    %jmp T_0;
    .thread T_0;
    .scope S_0x621ed1a8cbb0;
T_1 ;
    %wait E_0x621ed1a62da0;
    %load/vec4 v0x621ed1a8dbf0_0;
    %flag_set/vec4 8;
    %jmp/0xz  T_1.0, 8;
    %pushi/vec4 0, 0, 16;
    %assign/vec4 v0x621ed1a8d5b0_0, 0;
    %pushi/vec4 0, 0, 16;
    %assign/vec4 v0x621ed1a8d770_0, 0;
    %jmp T_1.1;
T_1.0 ;
    %pushi/vec4 1, 0, 1;
    %assign/vec4 v0x621ed1a8d200_0, 0;
    %pushi/vec4 0, 0, 16;
    %assign/vec4 v0x621ed1a8d5b0_0, 0;
    %load/vec4 v0x621ed1a8d4d0_0;
    %dup/vec4;
    %pushi/vec4 1, 0, 4;
    %cmp/u;
    %jmp/1 T_1.2, 6;
    %dup/vec4;
    %pushi/vec4 2, 0, 4;
    %cmp/u;
    %jmp/1 T_1.3, 6;
    %dup/vec4;
    %pushi/vec4 3, 0, 4;
    %cmp/u;
    %jmp/1 T_1.4, 6;
    %dup/vec4;
    %pushi/vec4 4, 0, 4;
    %cmp/u;
    %jmp/1 T_1.5, 6;
    %pushi/vec4 0, 0, 16;
    %assign/vec4 v0x621ed1a8d5b0_0, 0;
    %jmp T_1.7;
T_1.2 ;
    %load/vec4 v0x621ed1a8d690_0;
    %ix/load 5, 0, 0;
    %ix/load 4, 0, 0;
    %flag_set/imm 4, 0;
    %assign/vec4/off/d v0x621ed1a8d5b0_0, 4, 5;
    %jmp T_1.7;
T_1.3 ;
    %jmp T_1.7;
T_1.4 ;
    %load/vec4 v0x621ed1a8d690_0;
    %load/vec4 v0x621ed1a8d850_0;
    %pad/u 6;
    %ix/vec4 3;
    %ix/load 4, 0, 0; Constant delay
    %assign/vec4/a/d v0x621ed1a8d930, 0, 4;
    %jmp T_1.7;
T_1.5 ;
    %load/vec4 v0x621ed1a8d850_0;
    %pad/u 6;
    %ix/vec4 4;
    %load/vec4a v0x621ed1a8d930, 4;
    %ix/load 5, 0, 0;
    %ix/load 4, 0, 0;
    %flag_set/imm 4, 0;
    %assign/vec4/off/d v0x621ed1a8d5b0_0, 4, 5;
    %jmp T_1.7;
T_1.7 ;
    %pop/vec4 1;
    %load/vec4 v0x621ed1a8d770_0;
    %addi 1, 0, 16;
    %assign/vec4 v0x621ed1a8d770_0, 0;
T_1.1 ;
    %jmp T_1;
    .thread T_1;
    .scope S_0x621ed1a67890;
T_2 ;
    %pushi/vec4 1, 0, 1;
    %store/vec4 v0x621ed1a8ec90_0, 0, 1;
T_2.0 ;
    %delay 5, 0;
    %load/vec4 v0x621ed1a8ec90_0;
    %inv;
    %store/vec4 v0x621ed1a8ec90_0, 0, 1;
    %jmp T_2.0;
T_2.1 ;
    %end;
    .thread T_2;
    .scope S_0x621ed1a67890;
T_3 ;
    %vpi_call/w 3 47 "$readmemh", "build/prog6.hex", v0x621ed1a8ed50 {0 0 0};
    %fork t_1, S_0x621ed1a6b7f0;
    %jmp t_0;
    .scope S_0x621ed1a6b7f0;
t_1 ;
    %pushi/vec4 0, 0, 32;
    %store/vec4 v0x621ed1a6b980_0, 0, 32;
T_3.0 ; Top of for-loop
    %load/vec4 v0x621ed1a6b980_0;
    %cmpi/s 255, 0, 32;
	  %jmp/0xz T_3.1, 5;
    %delay 10, 0;
    %pushi/vec4 1, 0, 1;
    %store/vec4 v0x621ed1a8f370_0, 0, 1;
    %load/vec4 v0x621ed1a6b980_0;
    %pad/s 16;
    %store/vec4 v0x621ed1a8f410_0, 0, 16;
    %ix/getv/s 4, v0x621ed1a6b980_0;
    %load/vec4a v0x621ed1a8ed50, 4;
    %store/vec4 v0x621ed1a8f540_0, 0, 16;
T_3.2 ; for-loop step statement
    ; show_stmt_assign_vector: Get l-value for compressed += operand
    %load/vec4 v0x621ed1a6b980_0;
    %pushi/vec4 1, 0, 32;
    %add;
    %cast2;
    %store/vec4 v0x621ed1a6b980_0, 0, 32;
    %jmp T_3.0;
T_3.1 ; for-loop exit label
    %end;
    .scope S_0x621ed1a67890;
t_0 %join;
    %delay 10, 0;
    %pushi/vec4 0, 0, 1;
    %store/vec4 v0x621ed1a8f370_0, 0, 1;
    %delay 10, 0;
    %vpi_call/w 3 58 "$monitor", "t=%d rst=%b pc=%h out=%h p1=%h rs=%h x1=%h", $time, v0x621ed1a8f900_0, v0x621ed1a8f7c0_0, v0x621ed1a8f680_0, v0x621ed1a8f5e0_0, v0x621ed1a8f720_0, v0x621ed1a8f860_0, v0x621ed1a8f9d0_0 {0 0 0};
    %pushi/vec4 1, 0, 1;
    %store/vec4 v0x621ed1a8f900_0, 0, 1;
    %delay 10, 0;
    %pushi/vec4 0, 0, 1;
    %store/vec4 v0x621ed1a8f900_0, 0, 1;
    %delay 200, 0;
    %vpi_call/w 3 64 "$finish" {0 0 0};
    %end;
    .thread T_3;
# The file index is used to find the file name in the following table.
:file_names 6;
    "N/A";
    "<interactive>";
    "-";
    "build/comp_driver.sv";
    "comp.sv";
    "mem.sv";
