#! /usr/bin/vvp
:ivl_version "13.0 (stable)" "(v13_0-dirty)";
:ivl_delay_selection "TYPICAL";
:vpi_time_precision + 0;
:vpi_module "/usr/lib/ivl/system.vpi";
:vpi_module "/usr/lib/ivl/vhdl_sys.vpi";
:vpi_module "/usr/lib/ivl/vhdl_textio.vpi";
:vpi_module "/usr/lib/ivl/v2005_math.vpi";
:vpi_module "/usr/lib/ivl/va_math.vpi";
:vpi_module "/usr/lib/ivl/v2009.vpi";
S_0x5d9515af6dd0 .scope package, "$unit" "$unit" 2 1;
 .timescale 0 0;
S_0x5d9515af6f60 .scope module, "mem" "mem" 3 25;
 .timescale 0 0;
    .port_info 0 /OUTPUT 8 "read_data";
    .port_info 1 /INPUT 8 "write_data";
    .port_info 2 /INPUT 8 "read_addr";
    .port_info 3 /INPUT 1 "clk";
    .port_info 4 /INPUT 8 "startup_write_addr";
    .port_info 5 /INPUT 8 "startup_write_data";
    .port_info 6 /INPUT 1 "startup_wen";
L_0x5d9515b179c0 .functor BUFZ 8, L_0x5d9515b177a0, C4<00000000>, C4<00000000>, C4<00000000>;
v0x5d9515afad60_0 .net *"_ivl_0", 7 0, L_0x5d9515b177a0;  1 drivers
v0x5d9515b15a20_0 .net *"_ivl_2", 9 0, L_0x5d9515b178a0;  1 drivers
L_0x7edd23555018 .functor BUFT 1, C4<00>, C4<0>, C4<0>, C4<0>;
v0x5d9515b15b00_0 .net *"_ivl_5", 1 0, L_0x7edd23555018;  1 drivers
o0x7edd2359e0a8 .functor BUFZ 1, c4<z>; HiZ drive
v0x5d9515b15bc0_0 .net "clk", 0 0, o0x7edd2359e0a8;  0 drivers
v0x5d9515b15c80 .array "mem", 255 0, 7 0;
o0x7edd2359e0d8 .functor BUFZ 8, c4<zzzzzzzz>; HiZ drive
v0x5d9515b15d90_0 .net "read_addr", 7 0, o0x7edd2359e0d8;  0 drivers
v0x5d9515b15e70_0 .net "read_data", 7 0, L_0x5d9515b179c0;  1 drivers
o0x7edd2359e138 .functor BUFZ 1, c4<z>; HiZ drive
v0x5d9515b15f50_0 .net "startup_wen", 0 0, o0x7edd2359e138;  0 drivers
o0x7edd2359e168 .functor BUFZ 8, c4<zzzzzzzz>; HiZ drive
v0x5d9515b16010_0 .net "startup_write_addr", 7 0, o0x7edd2359e168;  0 drivers
o0x7edd2359e198 .functor BUFZ 8, c4<zzzzzzzz>; HiZ drive
v0x5d9515b160f0_0 .net "startup_write_data", 7 0, o0x7edd2359e198;  0 drivers
o0x7edd2359e1c8 .functor BUFZ 8, c4<zzzzzzzz>; HiZ drive
v0x5d9515b161d0_0 .net "write_data", 7 0, o0x7edd2359e1c8;  0 drivers
E_0x5d9515abbb90 .event posedge, v0x5d9515b15bc0_0;
L_0x5d9515b177a0 .array/port v0x5d9515b15c80, L_0x5d9515b178a0;
L_0x5d9515b178a0 .concat [ 8 2 0 0], o0x7edd2359e0d8, L_0x7edd23555018;
S_0x5d9515afabd0 .scope module, "test_comp" "test_comp" 3 52;
 .timescale 0 0;
v0x5d9515b17100_0 .var "clk", 0 0;
v0x5d9515b171c0_0 .net "out", 7 0, v0x5d9515b16bb0_0;  1 drivers
v0x5d9515b17260_0 .net "read_addr", 7 0, L_0x5d9515b17a80;  1 drivers
o0x7edd2359e468 .functor BUFZ 8, c4<zzzzzzzz>; HiZ drive
v0x5d9515b17300_0 .net "read_data", 7 0, o0x7edd2359e468;  0 drivers
v0x5d9515b173a0_0 .var "rst", 0 0;
v0x5d9515b17490_0 .var "startup_wen", 0 0;
v0x5d9515b17530_0 .var "startup_write_addr", 7 0;
v0x5d9515b175d0_0 .var "startup_write_data", 7 0;
v0x5d9515b176b0_0 .net "write_data", 7 0, v0x5d9515b16f60_0;  1 drivers
S_0x5d9515b16390 .scope begin, "$ivl_for_loop0" "$ivl_for_loop0" 3 83, 3 83 0, S_0x5d9515afabd0;
 .timescale 0 0;
v0x5d9515b16540_0 .var/2s "i", 31 0;
S_0x5d9515b16640 .scope module, "comp1" "comp" 3 63, 3 3 0, S_0x5d9515afabd0;
 .timescale 0 0;
    .port_info 0 /INPUT 8 "read_data";
    .port_info 1 /OUTPUT 8 "write_data";
    .port_info 2 /OUTPUT 8 "read_addr";
    .port_info 3 /INPUT 1 "clk";
    .port_info 4 /INPUT 1 "rst";
    .port_info 5 /OUTPUT 8 "out";
L_0x7edd23555060 .functor BUFT 1, C4<00000>, C4<0>, C4<0>, C4<0>;
v0x5d9515b16930_0 .net *"_ivl_3", 4 0, L_0x7edd23555060;  1 drivers
v0x5d9515b16a30_0 .net "clk", 0 0, v0x5d9515b17100_0;  1 drivers
v0x5d9515b16af0_0 .var "cnt", 2 0;
v0x5d9515b16bb0_0 .var "out", 7 0;
v0x5d9515b16c90_0 .net "read_addr", 7 0, L_0x5d9515b17a80;  alias, 1 drivers
v0x5d9515b16dc0_0 .net "read_data", 7 0, o0x7edd2359e468;  alias, 0 drivers
v0x5d9515b16ea0_0 .net "rst", 0 0, v0x5d9515b173a0_0;  1 drivers
v0x5d9515b16f60_0 .var "write_data", 7 0;
E_0x5d9515abc020 .event posedge, v0x5d9515b16ea0_0, v0x5d9515b16a30_0;
L_0x5d9515b17a80 .concat [ 3 5 0 0], v0x5d9515b16af0_0, L_0x7edd23555060;
    .scope S_0x5d9515af6f60;
T_0 ;
    %vpi_call/w 3 36 "$display", "hello" {0 0 0};
    %vpi_call/w 3 37 "$monitor", "mem read_addr=%d read_data=%d clk=%d swen=%b", v0x5d9515b15d90_0, v0x5d9515b15e70_0, v0x5d9515b15bc0_0, v0x5d9515b15f50_0 {0 0 0};
    %delay 200, 0;
    %vpi_call/w 3 39 "$finish" {0 0 0};
    %end;
    .thread T_0;
    .scope S_0x5d9515af6f60;
T_1 ;
    %wait E_0x5d9515abbb90;
    %load/vec4 v0x5d9515b15f50_0;
    %flag_set/vec4 8;
    %jmp/0xz  T_1.0, 8;
    %load/vec4 v0x5d9515b160f0_0;
    %load/vec4 v0x5d9515b16010_0;
    %pad/u 10;
    %ix/vec4 3;
    %ix/load 4, 0, 0; Constant delay
    %assign/vec4/a/d v0x5d9515b15c80, 0, 4;
T_1.0 ;
    %jmp T_1;
    .thread T_1;
    .scope S_0x5d9515b16640;
T_2 ;
    %wait E_0x5d9515abc020;
    %load/vec4 v0x5d9515b16ea0_0;
    %flag_set/vec4 8;
    %jmp/0xz  T_2.0, 8;
    %pushi/vec4 0, 0, 3;
    %assign/vec4 v0x5d9515b16af0_0, 0;
    %jmp T_2.1;
T_2.0 ;
    %load/vec4 v0x5d9515b16dc0_0;
    %assign/vec4 v0x5d9515b16bb0_0, 0;
    %load/vec4 v0x5d9515b16af0_0;
    %addi 1, 0, 3;
    %store/vec4 v0x5d9515b16af0_0, 0, 3;
T_2.1 ;
    %jmp T_2;
    .thread T_2;
    .scope S_0x5d9515afabd0;
T_3 ;
    %pushi/vec4 1, 0, 1;
    %store/vec4 v0x5d9515b17100_0, 0, 1;
T_3.0 ;
    %delay 5, 0;
    %load/vec4 v0x5d9515b17100_0;
    %inv;
    %store/vec4 v0x5d9515b17100_0, 0, 1;
    %jmp T_3.0;
T_3.1 ;
    %end;
    .thread T_3;
    .scope S_0x5d9515afabd0;
T_4 ;
    %vpi_call/w 3 80 "$monitor", "t=%d out-%d read_addr=%d read_data=%d", $time, v0x5d9515b171c0_0, v0x5d9515b17260_0, v0x5d9515b17300_0 {0 0 0};
    %pushi/vec4 1, 0, 1;
    %store/vec4 v0x5d9515b173a0_0, 0, 1;
    %pushi/vec4 1, 0, 1;
    %store/vec4 v0x5d9515b17490_0, 0, 1;
    %fork t_1, S_0x5d9515b16390;
    %jmp t_0;
    .scope S_0x5d9515b16390;
t_1 ;
    %pushi/vec4 0, 0, 32;
    %store/vec4 v0x5d9515b16540_0, 0, 32;
T_4.0 ; Top of for-loop
    %load/vec4 v0x5d9515b16540_0;
    %cmpi/s 8, 0, 32;
	  %jmp/0xz T_4.1, 5;
    %load/vec4 v0x5d9515b16540_0;
    %addi 3, 0, 32;
    %pad/s 8;
    %store/vec4 v0x5d9515b175d0_0, 0, 8;
    %load/vec4 v0x5d9515b16540_0;
    %pad/s 8;
    %store/vec4 v0x5d9515b17530_0, 0, 8;
T_4.2 ; for-loop step statement
    ; show_stmt_assign_vector: Get l-value for compressed += operand
    %load/vec4 v0x5d9515b16540_0;
    %pushi/vec4 1, 0, 32;
    %add;
    %cast2;
    %store/vec4 v0x5d9515b16540_0, 0, 32;
    %jmp T_4.0;
T_4.1 ; for-loop exit label
    %end;
    .scope S_0x5d9515afabd0;
t_0 %join;
    %delay 10, 0;
    %pushi/vec4 0, 0, 1;
    %store/vec4 v0x5d9515b17490_0, 0, 1;
    %delay 10, 0;
    %pushi/vec4 0, 0, 1;
    %store/vec4 v0x5d9515b173a0_0, 0, 1;
    %delay 100, 0;
    %vpi_call/w 3 91 "$finish" {0 0 0};
    %end;
    .thread T_4;
# The file index is used to find the file name in the following table.
:file_names 4;
    "N/A";
    "<interactive>";
    "-";
    "test_bus.sv";
